----------------------------------------------------------------------------------------------------------------------------------------------------------------------------------------------------------------------------------------------------------
      name:  <unnamed>
       log:  D:\Travail\Dropbox\mining_conflict\Data_Code_BCRT_AER\results\Table_3.log
  log type:  text
 opened on:  13 Dec 2016, 10:41:59

. 
. use "$Output_data\BCRT_baseline", clear

. *
. g nb_acled_violent = nb_event8

. g acled_violent    = (nb_acled_violent>0)

. *
. g nb_acled_battle  = nb_event1+nb_event2+nb_event3

. g acled_battle     = (nb_acled_battle>0)

. *
. g nb_acled_riot    = nb_event7

. g acled_riot       = (nb_acled_riot>0)

. 
. * descriptive stats by type of event (for Table 1) *
. sum acled_violent acled_battle acled_riot, d

                        acled_violent
-------------------------------------------------------------
      Percentiles      Smallest
 1%            0              0
 5%            0              0
10%            0              0       Obs             144,690
25%            0              0       Sum of Wgt.     144,690

50%            0                      Mean           .0286267
                        Largest       Std. Dev.      .1667556
75%            0              1
90%            0              1       Variance       .0278074
95%            0              1       Skewness       5.653483
99%            1              1       Kurtosis       32.96187

                        acled_battle
-------------------------------------------------------------
      Percentiles      Smallest
 1%            0              0
 5%            0              0
10%            0              0       Obs             144,690
25%            0              0       Sum of Wgt.     144,690

50%            0                      Mean           .0284194
                        Largest       Std. Dev.      .1661683
75%            0              1
90%            0              1       Variance       .0276119
95%            0              1       Skewness       5.675959
99%            1              1       Kurtosis       33.21651

                         acled_riot
-------------------------------------------------------------
      Percentiles      Smallest
 1%            0              0
 5%            0              0
10%            0              0       Obs             144,690
25%            0              0       Sum of Wgt.     144,690

50%            0                      Mean           .0153224
                        Largest       Std. Dev.      .1228322
75%            0              1
90%            0              1       Variance       .0150877
95%            0              1       Skewness       7.891732
99%            1              1       Kurtosis       63.27943

. 
. /*drop diamonds and tantalum*/
. drop if mainmineral == "diamond" | mainmineral == "tantalum"
(588 observations deleted)

. 
. /*condition for estimation with spatial lags of mines*/
. global condition_around "(mainmineral != "diamond" & mainmineral_around != "diamond" & mainmineral != "tantalum" & mainmineral_around != "tantalum")"

. 
. foreach type in  battle violent riot{
  2. eststo: my_reg2hdfespatial acled_`type' main_lprice_mines if sd_mines == 0  , timevar(it) panelvar(cell) lat(latitude) lon(longitude) distcutoff(500) lagcutoff(100000) 
  3. eststo: my_reg2hdfespatial acled_`type'   main_lprice_hist0                             , timevar(it) panelvar(cell) lat(latitude) lon(longitude) distcutoff(500) lagcutoff(100000) 
  4. }
 
OLS REGRESSION
 
SE CORRECTED FOR CROSS-SECTIONAL SPATIAL DEPENDANCE
             AND PANEL-SPECIFIC SERIAL CORRELATION
 
DEPENDANT VARIABLE: acled_battle
INDEPENDANT VARIABLES:  main_lprice_mines
 
SPATIAL CORRELATION KERNAL CUTOFF: 500 KM
(NOTE: LINEAR BARTLETT WINDOW USED FOR SPATIAL KERNAL)
SERIAL CORRELATION KERNAL CUTOFF: 100000 PERIODS
-----------------------------------------------------------------------------------
     acled_battle |      Coef.   Std. Err.      t    P>|t|     [95% Conf. Interval]
------------------+----------------------------------------------------------------
main_lprice_mines |   .0159354   .0079455     2.01   0.045     .0003624    .0315085
-----------------------------------------------------------------------------------
D:\Travail\Dropbox\mining_conflict
(est1 stored)
 
OLS REGRESSION
 
SE CORRECTED FOR CROSS-SECTIONAL SPATIAL DEPENDANCE
             AND PANEL-SPECIFIC SERIAL CORRELATION
 
DEPENDANT VARIABLE: acled_battle
INDEPENDANT VARIABLES:  main_lprice_hist0
 
SPATIAL CORRELATION KERNAL CUTOFF: 500 KM
(NOTE: LINEAR BARTLETT WINDOW USED FOR SPATIAL KERNAL)
SERIAL CORRELATION KERNAL CUTOFF: 100000 PERIODS
-----------------------------------------------------------------------------------
     acled_battle |      Coef.   Std. Err.      t    P>|t|     [95% Conf. Interval]
------------------+----------------------------------------------------------------
main_lprice_hist0 |   .0024312   .0060387     0.40   0.687    -.0094046     .014267
-----------------------------------------------------------------------------------
D:\Travail\Dropbox\mining_conflict
(est2 stored)
 
OLS REGRESSION
 
SE CORRECTED FOR CROSS-SECTIONAL SPATIAL DEPENDANCE
             AND PANEL-SPECIFIC SERIAL CORRELATION
 
DEPENDANT VARIABLE: acled_violent
INDEPENDANT VARIABLES:  main_lprice_mines
 
SPATIAL CORRELATION KERNAL CUTOFF: 500 KM
(NOTE: LINEAR BARTLETT WINDOW USED FOR SPATIAL KERNAL)
SERIAL CORRELATION KERNAL CUTOFF: 100000 PERIODS
-----------------------------------------------------------------------------------
    acled_violent |      Coef.   Std. Err.      t    P>|t|     [95% Conf. Interval]
------------------+----------------------------------------------------------------
main_lprice_mines |   .0403233   .0142641     2.83   0.005     .0123659    .0682807
-----------------------------------------------------------------------------------
D:\Travail\Dropbox\mining_conflict
(est3 stored)
 
OLS REGRESSION
 
SE CORRECTED FOR CROSS-SECTIONAL SPATIAL DEPENDANCE
             AND PANEL-SPECIFIC SERIAL CORRELATION
 
DEPENDANT VARIABLE: acled_violent
INDEPENDANT VARIABLES:  main_lprice_hist0
 
SPATIAL CORRELATION KERNAL CUTOFF: 500 KM
(NOTE: LINEAR BARTLETT WINDOW USED FOR SPATIAL KERNAL)
SERIAL CORRELATION KERNAL CUTOFF: 100000 PERIODS
-----------------------------------------------------------------------------------
    acled_violent |      Coef.   Std. Err.      t    P>|t|     [95% Conf. Interval]
------------------+----------------------------------------------------------------
main_lprice_hist0 |   .0338773   .0102076     3.32   0.001     .0138706     .053884
-----------------------------------------------------------------------------------
D:\Travail\Dropbox\mining_conflict
(est4 stored)
 
OLS REGRESSION
 
SE CORRECTED FOR CROSS-SECTIONAL SPATIAL DEPENDANCE
             AND PANEL-SPECIFIC SERIAL CORRELATION
 
DEPENDANT VARIABLE: acled_riot
INDEPENDANT VARIABLES:  main_lprice_mines
 
SPATIAL CORRELATION KERNAL CUTOFF: 500 KM
(NOTE: LINEAR BARTLETT WINDOW USED FOR SPATIAL KERNAL)
SERIAL CORRELATION KERNAL CUTOFF: 100000 PERIODS
-----------------------------------------------------------------------------------
       acled_riot |      Coef.   Std. Err.      t    P>|t|     [95% Conf. Interval]
------------------+----------------------------------------------------------------
main_lprice_mines |   .0436561   .0175617     2.49   0.013     .0092356    .0780766
-----------------------------------------------------------------------------------
D:\Travail\Dropbox\mining_conflict
(est5 stored)
 
OLS REGRESSION
 
SE CORRECTED FOR CROSS-SECTIONAL SPATIAL DEPENDANCE
             AND PANEL-SPECIFIC SERIAL CORRELATION
 
DEPENDANT VARIABLE: acled_riot
INDEPENDANT VARIABLES:  main_lprice_hist0
 
SPATIAL CORRELATION KERNAL CUTOFF: 500 KM
(NOTE: LINEAR BARTLETT WINDOW USED FOR SPATIAL KERNAL)
SERIAL CORRELATION KERNAL CUTOFF: 100000 PERIODS
-----------------------------------------------------------------------------------
       acled_riot |      Coef.   Std. Err.      t    P>|t|     [95% Conf. Interval]
------------------+----------------------------------------------------------------
main_lprice_hist0 |   .0383126   .0112669     3.40   0.001     .0162297    .0603954
-----------------------------------------------------------------------------------
D:\Travail\Dropbox\mining_conflict
(est6 stored)

. set linesize 250

. esttab, mtitles drop() b(%5.3f) se(%5.3f) compress r2 starlevels(c 0.1 b 0.05 a 0.01)  se 

----------------------------------------------------------------------------
                 (1)        (2)        (3)        (4)        (5)        (6) 
                est1       est2       est3       est4       est5       est6 
----------------------------------------------------------------------------
main_lpr~s     0.016b                0.040a                0.044b           
             (0.008)               (0.014)               (0.018)            

main_lpr~0                0.002                 0.034a                0.038a
                        (0.006)               (0.010)               (0.011) 
----------------------------------------------------------------------------
N             142296     143864     142296     143864     142296     143864 
R-sq           0.000      0.000      0.000      0.000      0.000      0.001 
----------------------------------------------------------------------------
Standard errors in parentheses
c p<0.1, b p<0.05, a p<0.01

. esttab, mtitles drop() b(%5.3f) se(%5.3f) r2  starlevels({$^c$} 0.1 {$^b$} 0.05 {$^a$} 0.01) se tex label  title(Table 3) 

\begin{table}[htbp]\centering
\def\sym#1{\ifmmode^{#1}\else\(^{#1}\)\fi}
\caption{Table 3}
\begin{tabular}{l*{6}{c}}
\hline\hline
                    &\multicolumn{1}{c}{(1)}&\multicolumn{1}{c}{(2)}&\multicolumn{1}{c}{(3)}&\multicolumn{1}{c}{(4)}&\multicolumn{1}{c}{(5)}&\multicolumn{1}{c}{(6)}\\
                    &\multicolumn{1}{c}{est1}&\multicolumn{1}{c}{est2}&\multicolumn{1}{c}{est3}&\multicolumn{1}{c}{est4}&\multicolumn{1}{c}{est5}&\multicolumn{1}{c}{est6}\\
\hline
$\ln$ price $\times$ mines $>0$&       0.016{$^b$}&                  &       0.040{$^a$}&                  &       0.044{$^b$}&                  \\
                    &     (0.008)      &                  &     (0.014)      &                  &     (0.018)      &                  \\
[1em]
$\ln$ price $\times$ mines $>0$ (ever)&                  &       0.002      &                  &       0.034{$^a$}&                  &       0.038{$^a$}\\
                    &                  &     (0.006)      &                  &     (0.010)      &                  &     (0.011)      \\
\hline
Observations        &      142296      &      143864      &      142296      &      143864      &      142296      &      143864      \\
\(R^{2}\)           &       0.000      &       0.000      &       0.000      &       0.000      &       0.000      &       0.001      \\
\hline\hline
\multicolumn{7}{l}{\footnotesize Standard errors in parentheses}\\
\multicolumn{7}{l}{\footnotesize {$^c$} p<0.1, {$^b$} p<0.05, {$^a$} p<0.01}\\
\end{tabular}
\end{table}

. eststo clear

. 
. log close
      name:  <unnamed>
       log:  D:\Travail\Dropbox\mining_conflict\Data_Code_BCRT_AER\results\Table_3.log
  log type:  text
 closed on:  13 Dec 2016, 10:46:22
----------------------------------------------------------------------------------------------------------------------------------------------------------------------------------------------------------------------------------------------------------
