----------------------------------------------------------------------------------------------------------------------------------------------------------------------------------------------------------------------------------------------------------
      name:  <unnamed>
       log:  D:\Travail\Dropbox\mining_conflict\Data_Code_BCRT_AER\results\Table_A4.log
  log type:  text
 opened on:  14 Dec 2016, 09:57:40

. 
. use "$Output_data\BCRT_baseline", clear

. 
. collapse (max) mines_a acled latitude longitude (mean) nb_mines_a (mean) year, by(cell country_nb)

. tab country_nb, gen(country_nbd)

group(iso_1 |
          ) |      Freq.     Percent        Cum.
------------+-----------------------------------
          1 |        428        4.14        4.14
          2 |         11        0.11        4.25
          3 |         42        0.41        4.65
          4 |         87        0.84        5.50
          5 |        202        1.95        7.45
          6 |        202        1.95        9.40
          7 |        111        1.07       10.48
          8 |        153        1.48       11.96
          9 |        761        7.36       19.32
         10 |        109        1.05       20.38
         11 |          2        0.02       20.40
         12 |          6        0.06       20.45
         13 |          8        0.08       20.53
         14 |        864        8.36       28.89
         15 |        347        3.36       32.25
         16 |         49        0.47       32.72
         18 |        373        3.61       36.33
         19 |         91        0.88       37.21
         20 |         82        0.79       38.01
         21 |         81        0.78       38.79
         22 |          2        0.02       38.81
         23 |         13        0.13       38.94
         24 |         12        0.12       39.05
         25 |        191        1.85       40.90
         26 |         34        0.33       41.23
         27 |        604        5.84       47.07
         28 |         12        0.12       47.19
         29 |        177        1.71       48.90
         30 |        232        2.24       51.15
         31 |        424        4.10       55.25
         32 |        282        2.73       57.98
         33 |        366        3.54       61.52
         34 |          2        0.02       61.54
         35 |         36        0.35       61.89
         37 |        298        2.88       64.77
         38 |        402        3.89       68.66
         39 |        305        2.95       71.61
         41 |          8        0.08       71.69
         42 |        849        8.21       79.90
         43 |         71        0.69       80.59
         44 |         28        0.27       80.86
         45 |        225        2.18       83.04
         46 |          1        0.01       83.05
         47 |          5        0.05       83.10
         48 |        430        4.16       87.26
         49 |         18        0.17       87.43
         50 |         62        0.60       88.03
         51 |        306        2.96       90.99
         52 |         74        0.72       91.71
         53 |        468        4.53       96.24
         54 |        252        2.44       98.67
         55 |        137        1.33      100.00
------------+-----------------------------------
      Total |     10,335      100.00

. /*between cells, panel*/
. eststo: my_spatial_2sls acled    mines_a country_nbd*   , latitude(latitude) longitude(longitude) id(cell) time(year) lag(0) dist(500) lagdist(0) /*no time dimension*/
-------------------------------------------------------------------------------
        acled |      Coef.   Std. Err.      z    P>|z|     [95% Conf. Interval]
--------------+----------------------------------------------------------------
      mines_a |    .177975   .0214458     8.30   0.000     .1359419    .2200081
 country_nbd1 |   .4418461   .1002966     4.41   0.000     .2452683    .6384239
 country_nbd2 |          1   1.09e-10  9.2e+09   0.000            1           1
 country_nbd3 |   .0952381   .0625538     1.52   0.128    -.0273651    .2178413
 country_nbd4 |   .1695882   .0167179    10.14   0.000     .1368216    .2023548
 country_nbd5 |   .0375059   .0109181     3.44   0.001     .0161068     .058905
 country_nbd6 |   .3762376   .0433912     8.67   0.000     .2911924    .4612828
 country_nbd7 |   .4334245   .0444527     9.75   0.000     .3462988    .5205503
 country_nbd8 |   .1960784    .036243     5.41   0.000     .1250435    .2671133
 country_nbd9 |   .3872356   .0496977     7.79   0.000     .2898299    .4846414
country_nbd10 |   .3211009   .1287364     2.49   0.013     .0687823    .5734196
country_nbd11 |          0  (omitted)
country_nbd12 |  -1.09e-10   1.09e-10    -1.00   0.319    -3.22e-10    1.05e-10
country_nbd13 |         .5          .        .       .            .           .
country_nbd14 |   .1272363    .082901     1.53   0.125    -.0352467    .2897192
country_nbd15 |   .0883114    .046219     1.91   0.056    -.0022761    .1788989
country_nbd16 |   .4081633   .0494874     8.25   0.000     .3111698    .5051567
country_nbd17 |   .4655336   .0130691    35.62   0.000     .4399187    .4911486
country_nbd18 |   .0769231   .0106254     7.24   0.000     .0560977    .0977484
country_nbd19 |    .260954   .0458558     5.69   0.000     .1710782    .3508298
country_nbd20 |   .4537552   .0326308    13.91   0.000        .3898    .5177105
country_nbd21 |          1   1.09e-10  9.2e+09   0.000            1           1
country_nbd22 |   .6153846   4.26e-07  1.4e+06   0.000     .6153838    .6153854
country_nbd23 |   .4166667          .        .       .            .           .
country_nbd24 |   .6378116    .076407     8.35   0.000     .4880568    .7875665
country_nbd25 |   .7300596          .        .       .            .           .
country_nbd26 |   .0099338    .008374     1.19   0.236    -.0064789    .0263464
country_nbd27 |   .3185021          .        .       .            .           .
country_nbd28 |   .0972895   .0244258     3.98   0.000     .0494158    .1451633
country_nbd29 |   .1069915          .        .       .            .           .
country_nbd30 |   .0725334   .0239457     3.03   0.002     .0256007    .1194661
country_nbd31 |   .2008654   .0149538    13.43   0.000     .1715565    .2301744
country_nbd32 |   .0194266   .0053488     3.63   0.000      .008943    .0299101
country_nbd33 |  -1.09e-10   1.09e-10    -1.00   0.318    -3.23e-10    1.05e-10
country_nbd34 |   .4444444   .0583978     7.61   0.000     .3299869     .558902
country_nbd35 |   .0946988   .0134239     7.05   0.000     .0683885    .1210092
country_nbd36 |   .1011046   .0389552     2.60   0.009     .0247538    .1774554
country_nbd37 |   .5589052   .0799973     6.99   0.000     .4021132    .7156971
country_nbd38 |   .8527531          .        .       .            .           .
country_nbd39 |   .2810884    .080442     3.49   0.000     .1234249    .4387519
country_nbd40 |   .4009306    .032614    12.29   0.000     .3370084    .4648528
country_nbd41 |   .9872875   .0026396   374.04   0.000     .9821141    .9924609
country_nbd42 |   .5333333    .051501    10.36   0.000     .4323932    .6342735
country_nbd43 |  -1.09e-10   1.09e-10    -1.00   0.318    -3.23e-10    1.05e-10
country_nbd44 |     .92881   .0136641    67.97   0.000     .9020289     .955591
country_nbd45 |   .1697674   .0497552     3.41   0.001     .0722491    .2672858
country_nbd46 |   .3234458          .        .       .            .           .
country_nbd47 |   .2171948          .        .       .            .           .
country_nbd48 |   .1337652    .039735     3.37   0.001      .055886    .2116444
country_nbd49 |   .9189189          .        .       .            .           .
country_nbd50 |   .2586541   .1041587     2.48   0.013     .0545067    .4628014
country_nbd51 |   .1761834          .        .       .            .           .
country_nbd52 |   .5780633   .0624511     9.26   0.000     .4556615    .7004652
        _cons |   1.09e-10   1.09e-10     1.00   0.318    -1.05e-10    3.22e-10
-------------------------------------------------------------------------------
(est1 stored)

. eststo: my_spatial_2sls acled nb_mines_a country_nbd*   , latitude(latitude) longitude(longitude) id(cell) time(year) lag(0) dist(500) lagdist(0) /*no time dimension*/
-------------------------------------------------------------------------------
        acled |      Coef.   Std. Err.      z    P>|z|     [95% Conf. Interval]
--------------+----------------------------------------------------------------
   nb_mines_a |   .0428376   .0142187     3.01   0.003     .0149695    .0707058
 country_nbd1 |    .443339   .1005735     4.41   0.000     .2462185    .6404595
 country_nbd2 |          1   3.79e-11  2.6e+10   0.000            1           1
 country_nbd3 |   .0952381   .0625538     1.52   0.128    -.0273651    .2178413
 country_nbd4 |   .1833453   .0070563    25.98   0.000     .1695152    .1971755
 country_nbd5 |   .0416158   .0138179     3.01   0.003     .0145333    .0686983
 country_nbd6 |   .3762376   .0433912     8.67   0.000     .2911924    .4612828
 country_nbd7 |   .4403939   .0449212     9.80   0.000       .35235    .5284378
 country_nbd8 |   .1960784    .036243     5.41   0.000     .1250435    .2671133
 country_nbd9 |   .3891622   .0496654     7.84   0.000     .2918198    .4865046
country_nbd10 |   .3211009   .1287364     2.49   0.013     .0687823    .5734196
country_nbd11 |   3.64e-11   3.79e-11     0.96   0.338    -3.80e-11    1.11e-10
country_nbd12 |   3.63e-11   3.79e-11     0.96   0.339    -3.81e-11    1.11e-10
country_nbd13 |         .5   1.65e-07  3.0e+06   0.000     .4999997    .5000003
country_nbd14 |   .1279516   .0830903     1.54   0.124    -.0349025    .2908057
country_nbd15 |   .0891961   .0464424     1.92   0.055    -.0018294    .1802216
country_nbd16 |   .4081633   .0494874     8.25   0.000     .3111698    .5051567
country_nbd17 |   .4662582   .0130665    35.68   0.000     .4406483    .4918682
country_nbd18 |   .0769231   .0106254     7.24   0.000     .0560977    .0977484
country_nbd19 |    .272689   .0481893     5.66   0.000     .1782398    .3671382
country_nbd20 |   .4660004    .031391    14.85   0.000     .4044752    .5275256
country_nbd21 |          1   3.79e-11  2.6e+10   0.000            1           1
country_nbd22 |   .6153846   1.85e-07  3.3e+06   0.000     .6153843     .615385
country_nbd23 |   .4166667   2.46e-07  1.7e+06   0.000     .4166662    .4166671
country_nbd24 |   .6385192   .0770381     8.29   0.000     .4875272    .7895111
country_nbd25 |   .7351141          .        .       .            .           .
country_nbd26 |   .0099338    .008374     1.19   0.236    -.0064789    .0263464
country_nbd27 |   .3282336          .        .       .            .           .
country_nbd28 |   .1027635   .0242277     4.24   0.000     .0552781     .150249
country_nbd29 |    .107574          .        .       .            .           .
country_nbd30 |   .0750387   .0241311     3.11   0.002     .0277426    .1223348
country_nbd31 |     .20152    .015326    13.15   0.000     .1714815    .2315585
country_nbd32 |   .0212643   .0055665     3.82   0.000     .0103542    .0321744
country_nbd33 |          0  (omitted)
country_nbd34 |   .4444444   .0583978     7.61   0.000     .3299869     .558902
country_nbd35 |   .0978577    .012579     7.78   0.000     .0732033    .1225122
country_nbd36 |   .1018302   .0393297     2.59   0.010     .0247454     .178915
country_nbd37 |   .5604049   .0799999     7.01   0.000     .4036081    .7172018
country_nbd38 |   .8696453   .0020233   429.82   0.000     .8656798    .8736108
country_nbd39 |   .2814067   .0803244     3.50   0.000     .1239738    .4388397
country_nbd40 |   .4071147   .0296561    13.73   0.000     .3489899    .4652395
country_nbd41 |   .9991258   .0002939  3399.72   0.000     .9985498    .9997018
country_nbd42 |   .5333333    .051501    10.36   0.000     .4323932    .6342735
country_nbd43 |   3.63e-11   3.79e-11     0.96   0.339    -3.81e-11    1.11e-10
country_nbd44 |   .9889846   .0064637   153.01   0.000     .9763159    1.001653
country_nbd45 |   .1697674   .0497552     3.41   0.001     .0722491    .2672858
country_nbd46 |   .3309535          .        .       .            .           .
country_nbd47 |   .2223518          .        .       .            .           .
country_nbd48 |   .1366049   .0411663     3.32   0.001     .0559204    .2172894
country_nbd49 |   .9189189          .        .       .            .           .
country_nbd50 |   .2635002   .1059094     2.49   0.013     .0559216    .4710789
country_nbd51 |   .1804755          .        .       .            .           .
country_nbd52 |   .5958964   .0598563     9.96   0.000     .4785802    .7132127
        _cons |  -3.64e-11   3.79e-11    -0.96   0.337    -1.11e-10    3.79e-11
-------------------------------------------------------------------------------
(est2 stored)

. 
. /*between cells, panel*/
. use "$Output_data\BCRT_baseline", clear

. eststo: my_reg2hdfespatial acled   mines_a                              , timevar(year) panelvar(it) lat(latitude) lon(longitude) distcutoff(500) lagcutoff(100000) 
 
OLS REGRESSION
 
SE CORRECTED FOR CROSS-SECTIONAL SPATIAL DEPENDANCE
             AND PANEL-SPECIFIC SERIAL CORRELATION
 
DEPENDANT VARIABLE: acled
INDEPENDANT VARIABLES:  mines_a
 
SPATIAL CORRELATION KERNAL CUTOFF: 500 KM
(NOTE: LINEAR BARTLETT WINDOW USED FOR SPATIAL KERNAL)
SERIAL CORRELATION KERNAL CUTOFF: 100000 PERIODS
------------------------------------------------------------------------------
       acled |      Coef.   Std. Err.      t    P>|t|     [95% Conf. Interval]
-------------+----------------------------------------------------------------
     mines_a |   .0815903   .0074936    10.89   0.000     .0669029    .0962776
------------------------------------------------------------------------------
D:\Travail\Dropbox\mining_conflict
(est3 stored)

. eststo: my_reg2hdfespatial acled   mines_a                              , timevar(it) panelvar(cell) lat(latitude) lon(longitude) distcutoff(500) lagcutoff(100000) 
 
OLS REGRESSION
 
SE CORRECTED FOR CROSS-SECTIONAL SPATIAL DEPENDANCE
             AND PANEL-SPECIFIC SERIAL CORRELATION
 
DEPENDANT VARIABLE: acled
INDEPENDANT VARIABLES:  mines_a
 
SPATIAL CORRELATION KERNAL CUTOFF: 500 KM
(NOTE: LINEAR BARTLETT WINDOW USED FOR SPATIAL KERNAL)
SERIAL CORRELATION KERNAL CUTOFF: 100000 PERIODS
------------------------------------------------------------------------------
       acled |      Coef.   Std. Err.      t    P>|t|     [95% Conf. Interval]
-------------+----------------------------------------------------------------
     mines_a |   .0343356   .0193402     1.78   0.076    -.0035707    .0722419
------------------------------------------------------------------------------
D:\Travail\Dropbox\mining_conflict
(est4 stored)

. 
. /*within cells, panel*/
. use "$Output_data\BCRT_baseline", clear

. eststo: my_reg2hdfespatial acled    mines_a  lprec temp , timevar(it) panelvar(cell) lat(latitude) lon(longitude) distcutoff(500) lagcutoff(100000) 
 
OLS REGRESSION
 
SE CORRECTED FOR CROSS-SECTIONAL SPATIAL DEPENDANCE
             AND PANEL-SPECIFIC SERIAL CORRELATION
 
DEPENDANT VARIABLE: acled
INDEPENDANT VARIABLES:  mines_a lprec temp
 
SPATIAL CORRELATION KERNAL CUTOFF: 500 KM
(NOTE: LINEAR BARTLETT WINDOW USED FOR SPATIAL KERNAL)
SERIAL CORRELATION KERNAL CUTOFF: 100000 PERIODS
------------------------------------------------------------------------------
       acled |      Coef.   Std. Err.      t    P>|t|     [95% Conf. Interval]
-------------+----------------------------------------------------------------
     mines_a |   .0343602   .0193341     1.78   0.076    -.0035343    .0722546
       lprec |   .0004586   .0011435     0.40   0.688    -.0017825    .0026998
        temp |    .000763   .0023605     0.32   0.747    -.0038635    .0053895
------------------------------------------------------------------------------
D:\Travail\Dropbox\mining_conflict
(est5 stored)

. eststo: my_reg2hdfespatial acled  nb_mines_a lprec temp , timevar(it) panelvar(cell) lat(latitude) lon(longitude) distcutoff(500) lagcutoff(100000) 
 
OLS REGRESSION
 
SE CORRECTED FOR CROSS-SECTIONAL SPATIAL DEPENDANCE
             AND PANEL-SPECIFIC SERIAL CORRELATION
 
DEPENDANT VARIABLE: acled
INDEPENDANT VARIABLES:  nb_mines_a lprec temp
 
SPATIAL CORRELATION KERNAL CUTOFF: 500 KM
(NOTE: LINEAR BARTLETT WINDOW USED FOR SPATIAL KERNAL)
SERIAL CORRELATION KERNAL CUTOFF: 100000 PERIODS
------------------------------------------------------------------------------
       acled |      Coef.   Std. Err.      t    P>|t|     [95% Conf. Interval]
-------------+----------------------------------------------------------------
  nb_mines_a |   .0069492   .0026077     2.66   0.008     .0018382    .0120602
       lprec |   .0004527   .0011431     0.40   0.692    -.0017878    .0026931
        temp |   .0007388   .0023598     0.31   0.754    -.0038864     .005364
------------------------------------------------------------------------------
D:\Travail\Dropbox\mining_conflict
(est6 stored)

. 
. set linesize 250

. esttab, mtitles drop() b(%5.3f) se(%5.3f) compress r2 starlevels(c 0.1 b 0.05 a 0.01)  se 

----------------------------------------------------------------------------
                 (1)        (2)        (3)        (4)        (5)        (6) 
                est1       est2       est3       est4       est5       est6 
----------------------------------------------------------------------------
mines_a        0.178a                0.082a     0.034c     0.034c           
             (0.021)               (0.007)    (0.019)    (0.019)            

country_~1     0.442a     0.443a                                            
             (0.100)    (0.101)                                             

country_~2     1.000a     1.000a                                            
             (0.000)    (0.000)                                             

country_~3     0.095      0.095                                             
             (0.063)    (0.063)                                             

country_~4     0.170a     0.183a                                            
             (0.017)    (0.007)                                             

country_~5     0.038a     0.042a                                            
             (0.011)    (0.014)                                             

country_~6     0.376a     0.376a                                            
             (0.043)    (0.043)                                             

country_~7     0.433a     0.440a                                            
             (0.044)    (0.045)                                             

country_~8     0.196a     0.196a                                            
             (0.036)    (0.036)                                             

country_~9     0.387a     0.389a                                            
             (0.050)    (0.050)                                             

country~10     0.321b     0.321b                                            
             (0.129)    (0.129)                                             

country~11     0.000      0.000                                             
                 (.)    (0.000)                                             

country~12    -0.000      0.000                                             
             (0.000)    (0.000)                                             

country~13     0.500      0.500a                                            
                 (.)    (0.000)                                             

country~14     0.127      0.128                                             
             (0.083)    (0.083)                                             

country~15     0.088c     0.089c                                            
             (0.046)    (0.046)                                             

country~16     0.408a     0.408a                                            
             (0.049)    (0.049)                                             

country~17     0.466a     0.466a                                            
             (0.013)    (0.013)                                             

country~18     0.077a     0.077a                                            
             (0.011)    (0.011)                                             

country~19     0.261a     0.273a                                            
             (0.046)    (0.048)                                             

country~20     0.454a     0.466a                                            
             (0.033)    (0.031)                                             

country~21     1.000a     1.000a                                            
             (0.000)    (0.000)                                             

country~22     0.615a     0.615a                                            
             (0.000)    (0.000)                                             

country~23     0.417      0.417a                                            
                 (.)    (0.000)                                             

country~24     0.638a     0.639a                                            
             (0.076)    (0.077)                                             

country~25     0.730      0.735                                             
                 (.)        (.)                                             

country~26     0.010      0.010                                             
             (0.008)    (0.008)                                             

country~27     0.319      0.328                                             
                 (.)        (.)                                             

country~28     0.097a     0.103a                                            
             (0.024)    (0.024)                                             

country~29     0.107      0.108                                             
                 (.)        (.)                                             

country~30     0.073a     0.075a                                            
             (0.024)    (0.024)                                             

country~31     0.201a     0.202a                                            
             (0.015)    (0.015)                                             

country~32     0.019a     0.021a                                            
             (0.005)    (0.006)                                             

country~33    -0.000      0.000                                             
             (0.000)        (.)                                             

country~34     0.444a     0.444a                                            
             (0.058)    (0.058)                                             

country~35     0.095a     0.098a                                            
             (0.013)    (0.013)                                             

country~36     0.101a     0.102a                                            
             (0.039)    (0.039)                                             

country~37     0.559a     0.560a                                            
             (0.080)    (0.080)                                             

country~38     0.853      0.870a                                            
                 (.)    (0.002)                                             

country~39     0.281a     0.281a                                            
             (0.080)    (0.080)                                             

country~40     0.401a     0.407a                                            
             (0.033)    (0.030)                                             

country~41     0.987a     0.999a                                            
             (0.003)    (0.000)                                             

country~42     0.533a     0.533a                                            
             (0.052)    (0.052)                                             

country~43    -0.000      0.000                                             
             (0.000)    (0.000)                                             

country~44     0.929a     0.989a                                            
             (0.014)    (0.006)                                             

country~45     0.170a     0.170a                                            
             (0.050)    (0.050)                                             

country~46     0.323      0.331                                             
                 (.)        (.)                                             

country~47     0.217      0.222                                             
                 (.)        (.)                                             

country~48     0.134a     0.137a                                            
             (0.040)    (0.041)                                             

country~49     0.919      0.919                                             
                 (.)        (.)                                             

country~50     0.259b     0.264b                                            
             (0.104)    (0.106)                                             

country~51     0.176      0.180                                             
                 (.)        (.)                                             

country~52     0.578a     0.596a                                            
             (0.062)    (0.060)                                             

nb_mines_a                0.043a                                      0.007a
                        (0.014)                                     (0.003) 

lprec                                                      0.000      0.000 
                                                         (0.001)    (0.001) 

temp                                                       0.001      0.001 
                                                         (0.002)    (0.002) 

_cons          0.000     -0.000                                             
             (0.000)    (0.000)                                             
----------------------------------------------------------------------------
N              10335      10335     144594     144594     144481     144481 
R-sq                                 0.002      0.000      0.000      0.000 
----------------------------------------------------------------------------
Standard errors in parentheses
c p<0.1, b p<0.05, a p<0.01

. esttab, mtitles drop() b(%5.3f) se(%5.3f) r2  starlevels({$^c$} 0.1 {$^b$} 0.05 {$^a$} 0.01) se tex label  title() 

{
\def\sym#1{\ifmmode^{#1}\else\(^{#1}\)\fi}
\begin{tabular}{l*{6}{c}}
\hline\hline
                    &\multicolumn{1}{c}{(1)}&\multicolumn{1}{c}{(2)}&\multicolumn{1}{c}{(3)}&\multicolumn{1}{c}{(4)}&\multicolumn{1}{c}{(5)}&\multicolumn{1}{c}{(6)}\\
                    &\multicolumn{1}{c}{est1}&\multicolumn{1}{c}{est2}&\multicolumn{1}{c}{est3}&\multicolumn{1}{c}{est4}&\multicolumn{1}{c}{est5}&\multicolumn{1}{c}{est6}\\
\hline
mine $>0$ (all minerals, incl. without price)&       0.178{$^a$}&                  &       0.082{$^a$}&       0.034{$^c$}&       0.034{$^c$}&                  \\
                    &     (0.021)      &                  &     (0.007)      &     (0.019)      &     (0.019)      &                  \\
[1em]
country\_nbd1        &       0.442{$^a$}&       0.443{$^a$}&                  &                  &                  &                  \\
                    &     (0.100)      &     (0.101)      &                  &                  &                  &                  \\
[1em]
country\_nbd2        &       1.000{$^a$}&       1.000{$^a$}&                  &                  &                  &                  \\
                    &     (0.000)      &     (0.000)      &                  &                  &                  &                  \\
[1em]
country\_nbd3        &       0.095      &       0.095      &                  &                  &                  &                  \\
                    &     (0.063)      &     (0.063)      &                  &                  &                  &                  \\
[1em]
country\_nbd4        &       0.170{$^a$}&       0.183{$^a$}&                  &                  &                  &                  \\
                    &     (0.017)      &     (0.007)      &                  &                  &                  &                  \\
[1em]
country\_nbd5        &       0.038{$^a$}&       0.042{$^a$}&                  &                  &                  &                  \\
                    &     (0.011)      &     (0.014)      &                  &                  &                  &                  \\
[1em]
country\_nbd6        &       0.376{$^a$}&       0.376{$^a$}&                  &                  &                  &                  \\
                    &     (0.043)      &     (0.043)      &                  &                  &                  &                  \\
[1em]
country\_nbd7        &       0.433{$^a$}&       0.440{$^a$}&                  &                  &                  &                  \\
                    &     (0.044)      &     (0.045)      &                  &                  &                  &                  \\
[1em]
country\_nbd8        &       0.196{$^a$}&       0.196{$^a$}&                  &                  &                  &                  \\
                    &     (0.036)      &     (0.036)      &                  &                  &                  &                  \\
[1em]
country\_nbd9        &       0.387{$^a$}&       0.389{$^a$}&                  &                  &                  &                  \\
                    &     (0.050)      &     (0.050)      &                  &                  &                  &                  \\
[1em]
country\_nbd10       &       0.321{$^b$}&       0.321{$^b$}&                  &                  &                  &                  \\
                    &     (0.129)      &     (0.129)      &                  &                  &                  &                  \\
[1em]
country\_nbd11       &       0.000      &       0.000      &                  &                  &                  &                  \\
                    &         (.)      &     (0.000)      &                  &                  &                  &                  \\
[1em]
country\_nbd12       &      -0.000      &       0.000      &                  &                  &                  &                  \\
                    &     (0.000)      &     (0.000)      &                  &                  &                  &                  \\
[1em]
country\_nbd13       &       0.500      &       0.500{$^a$}&                  &                  &                  &                  \\
                    &         (.)      &     (0.000)      &                  &                  &                  &                  \\
[1em]
country\_nbd14       &       0.127      &       0.128      &                  &                  &                  &                  \\
                    &     (0.083)      &     (0.083)      &                  &                  &                  &                  \\
[1em]
country\_nbd15       &       0.088{$^c$}&       0.089{$^c$}&                  &                  &                  &                  \\
                    &     (0.046)      &     (0.046)      &                  &                  &                  &                  \\
[1em]
country\_nbd16       &       0.408{$^a$}&       0.408{$^a$}&                  &                  &                  &                  \\
                    &     (0.049)      &     (0.049)      &                  &                  &                  &                  \\
[1em]
country\_nbd17       &       0.466{$^a$}&       0.466{$^a$}&                  &                  &                  &                  \\
                    &     (0.013)      &     (0.013)      &                  &                  &                  &                  \\
[1em]
country\_nbd18       &       0.077{$^a$}&       0.077{$^a$}&                  &                  &                  &                  \\
                    &     (0.011)      &     (0.011)      &                  &                  &                  &                  \\
[1em]
country\_nbd19       &       0.261{$^a$}&       0.273{$^a$}&                  &                  &                  &                  \\
                    &     (0.046)      &     (0.048)      &                  &                  &                  &                  \\
[1em]
country\_nbd20       &       0.454{$^a$}&       0.466{$^a$}&                  &                  &                  &                  \\
                    &     (0.033)      &     (0.031)      &                  &                  &                  &                  \\
[1em]
country\_nbd21       &       1.000{$^a$}&       1.000{$^a$}&                  &                  &                  &                  \\
                    &     (0.000)      &     (0.000)      &                  &                  &                  &                  \\
[1em]
country\_nbd22       &       0.615{$^a$}&       0.615{$^a$}&                  &                  &                  &                  \\
                    &     (0.000)      &     (0.000)      &                  &                  &                  &                  \\
[1em]
country\_nbd23       &       0.417      &       0.417{$^a$}&                  &                  &                  &                  \\
                    &         (.)      &     (0.000)      &                  &                  &                  &                  \\
[1em]
country\_nbd24       &       0.638{$^a$}&       0.639{$^a$}&                  &                  &                  &                  \\
                    &     (0.076)      &     (0.077)      &                  &                  &                  &                  \\
[1em]
country\_nbd25       &       0.730      &       0.735      &                  &                  &                  &                  \\
                    &         (.)      &         (.)      &                  &                  &                  &                  \\
[1em]
country\_nbd26       &       0.010      &       0.010      &                  &                  &                  &                  \\
                    &     (0.008)      &     (0.008)      &                  &                  &                  &                  \\
[1em]
country\_nbd27       &       0.319      &       0.328      &                  &                  &                  &                  \\
                    &         (.)      &         (.)      &                  &                  &                  &                  \\
[1em]
country\_nbd28       &       0.097{$^a$}&       0.103{$^a$}&                  &                  &                  &                  \\
                    &     (0.024)      &     (0.024)      &                  &                  &                  &                  \\
[1em]
country\_nbd29       &       0.107      &       0.108      &                  &                  &                  &                  \\
                    &         (.)      &         (.)      &                  &                  &                  &                  \\
[1em]
country\_nbd30       &       0.073{$^a$}&       0.075{$^a$}&                  &                  &                  &                  \\
                    &     (0.024)      &     (0.024)      &                  &                  &                  &                  \\
[1em]
country\_nbd31       &       0.201{$^a$}&       0.202{$^a$}&                  &                  &                  &                  \\
                    &     (0.015)      &     (0.015)      &                  &                  &                  &                  \\
[1em]
country\_nbd32       &       0.019{$^a$}&       0.021{$^a$}&                  &                  &                  &                  \\
                    &     (0.005)      &     (0.006)      &                  &                  &                  &                  \\
[1em]
country\_nbd33       &      -0.000      &       0.000      &                  &                  &                  &                  \\
                    &     (0.000)      &         (.)      &                  &                  &                  &                  \\
[1em]
country\_nbd34       &       0.444{$^a$}&       0.444{$^a$}&                  &                  &                  &                  \\
                    &     (0.058)      &     (0.058)      &                  &                  &                  &                  \\
[1em]
country\_nbd35       &       0.095{$^a$}&       0.098{$^a$}&                  &                  &                  &                  \\
                    &     (0.013)      &     (0.013)      &                  &                  &                  &                  \\
[1em]
country\_nbd36       &       0.101{$^a$}&       0.102{$^a$}&                  &                  &                  &                  \\
                    &     (0.039)      &     (0.039)      &                  &                  &                  &                  \\
[1em]
country\_nbd37       &       0.559{$^a$}&       0.560{$^a$}&                  &                  &                  &                  \\
                    &     (0.080)      &     (0.080)      &                  &                  &                  &                  \\
[1em]
country\_nbd38       &       0.853      &       0.870{$^a$}&                  &                  &                  &                  \\
                    &         (.)      &     (0.002)      &                  &                  &                  &                  \\
[1em]
country\_nbd39       &       0.281{$^a$}&       0.281{$^a$}&                  &                  &                  &                  \\
                    &     (0.080)      &     (0.080)      &                  &                  &                  &                  \\
[1em]
country\_nbd40       &       0.401{$^a$}&       0.407{$^a$}&                  &                  &                  &                  \\
                    &     (0.033)      &     (0.030)      &                  &                  &                  &                  \\
[1em]
country\_nbd41       &       0.987{$^a$}&       0.999{$^a$}&                  &                  &                  &                  \\
                    &     (0.003)      &     (0.000)      &                  &                  &                  &                  \\
[1em]
country\_nbd42       &       0.533{$^a$}&       0.533{$^a$}&                  &                  &                  &                  \\
                    &     (0.052)      &     (0.052)      &                  &                  &                  &                  \\
[1em]
country\_nbd43       &      -0.000      &       0.000      &                  &                  &                  &                  \\
                    &     (0.000)      &     (0.000)      &                  &                  &                  &                  \\
[1em]
country\_nbd44       &       0.929{$^a$}&       0.989{$^a$}&                  &                  &                  &                  \\
                    &     (0.014)      &     (0.006)      &                  &                  &                  &                  \\
[1em]
country\_nbd45       &       0.170{$^a$}&       0.170{$^a$}&                  &                  &                  &                  \\
                    &     (0.050)      &     (0.050)      &                  &                  &                  &                  \\
[1em]
country\_nbd46       &       0.323      &       0.331      &                  &                  &                  &                  \\
                    &         (.)      &         (.)      &                  &                  &                  &                  \\
[1em]
country\_nbd47       &       0.217      &       0.222      &                  &                  &                  &                  \\
                    &         (.)      &         (.)      &                  &                  &                  &                  \\
[1em]
country\_nbd48       &       0.134{$^a$}&       0.137{$^a$}&                  &                  &                  &                  \\
                    &     (0.040)      &     (0.041)      &                  &                  &                  &                  \\
[1em]
country\_nbd49       &       0.919      &       0.919      &                  &                  &                  &                  \\
                    &         (.)      &         (.)      &                  &                  &                  &                  \\
[1em]
country\_nbd50       &       0.259{$^b$}&       0.264{$^b$}&                  &                  &                  &                  \\
                    &     (0.104)      &     (0.106)      &                  &                  &                  &                  \\
[1em]
country\_nbd51       &       0.176      &       0.180      &                  &                  &                  &                  \\
                    &         (.)      &         (.)      &                  &                  &                  &                  \\
[1em]
country\_nbd52       &       0.578{$^a$}&       0.596{$^a$}&                  &                  &                  &                  \\
                    &     (0.062)      &     (0.060)      &                  &                  &                  &                  \\
[1em]
\# mines  (all minerals, incl. without price)&                  &       0.043{$^a$}&                  &                  &                  &       0.007{$^a$}\\
                    &                  &     (0.014)      &                  &                  &                  &     (0.003)      \\
[1em]
log precipitation   &                  &                  &                  &                  &       0.000      &       0.000      \\
                    &                  &                  &                  &                  &     (0.001)      &     (0.001)      \\
[1em]
Yearly mean temperature (Prio Grid)&                  &                  &                  &                  &       0.001      &       0.001      \\
                    &                  &                  &                  &                  &     (0.002)      &     (0.002)      \\
[1em]
Constant            &       0.000      &      -0.000      &                  &                  &                  &                  \\
                    &     (0.000)      &     (0.000)      &                  &                  &                  &                  \\
\hline
Observations        &       10335      &       10335      &      144594      &      144594      &      144481      &      144481      \\
\(R^{2}\)           &                  &                  &       0.002      &       0.000      &       0.000      &       0.000      \\
\hline\hline
\multicolumn{7}{l}{\footnotesize Standard errors in parentheses}\\
\multicolumn{7}{l}{\footnotesize {$^c$} p<0.1, {$^b$} p<0.05, {$^a$} p<0.01}\\
\end{tabular}
}

. eststo clear

. 
. log close
      name:  <unnamed>
       log:  D:\Travail\Dropbox\mining_conflict\Data_Code_BCRT_AER\results\Table_A4.log
  log type:  text
 closed on:  14 Dec 2016, 10:16:02
----------------------------------------------------------------------------------------------------------------------------------------------------------------------------------------------------------------------------------------------------------
