----------------------------------------------------------------------------------------------------------------------------------------------------------------------------------------------------------------------------------------------------------
      name:  <unnamed>
       log:  D:\Travail\Dropbox\mining_conflict\Data_Code_BCRT_AER\results\Table_A12.log
  log type:  text
 opened on:  14 Dec 2016, 11:38:16

. 
. use "$Output_data\BCRT_baseline", clear

. 
. /*condition for estimation with spatial lags of mines*/
. global condition_around "(mainmineral != "diamond" & mainmineral_around != "diamond" & mainmineral != "tantalum" & mainmineral_around != "tantalum")"

. 
. /*column 1: time varying mining area dummy*/
. eststo: my_reg2hdfespatial acled  mines main_lprice main_lprice_mines m_lprice_mines                                                                                                                    , timevar(it) panelvar(cell) lat(latitude) lon(l
> ongitude) distcutoff(500) lagcutoff(100000) 
 
OLS REGRESSION
 
SE CORRECTED FOR CROSS-SECTIONAL SPATIAL DEPENDANCE
             AND PANEL-SPECIFIC SERIAL CORRELATION
 
DEPENDANT VARIABLE: acled
INDEPENDANT VARIABLES:  mines main_lprice main_lprice_mines m_lprice_mines
 
SPATIAL CORRELATION KERNAL CUTOFF: 500 KM
(NOTE: LINEAR BARTLETT WINDOW USED FOR SPATIAL KERNAL)
SERIAL CORRELATION KERNAL CUTOFF: 100000 PERIODS
-----------------------------------------------------------------------------------
            acled |      Coef.   Std. Err.      t    P>|t|     [95% Conf. Interval]
------------------+----------------------------------------------------------------
            mines |   .0432215   .0459742     0.94   0.347     -.046887    .1333299
      main_lprice |  -.0247532   .0324318    -0.76   0.445    -.0883188    .0388125
main_lprice_mines |   .0724886   .0345623     2.10   0.036     .0047471    .1402301
   m_lprice_mines |  -.0782512   .0380557    -2.06   0.040    -.1528395   -.0036628
-----------------------------------------------------------------------------------
D:\Travail\Dropbox\mining_conflict
(est1 stored)

. /*column 2: mine open the entire period*/
. eststo: my_reg2hdfespatial acled  main_lprice_mines                                                             if sd_mines == 0                                                                                , timevar(it) panelvar(cell) lat(latitud
> e) lon(longitude) distcutoff(500) lagcutoff(100000) 
 
OLS REGRESSION
 
SE CORRECTED FOR CROSS-SECTIONAL SPATIAL DEPENDANCE
             AND PANEL-SPECIFIC SERIAL CORRELATION
 
DEPENDANT VARIABLE: acled
INDEPENDANT VARIABLES:  main_lprice_mines
 
SPATIAL CORRELATION KERNAL CUTOFF: 500 KM
(NOTE: LINEAR BARTLETT WINDOW USED FOR SPATIAL KERNAL)
SERIAL CORRELATION KERNAL CUTOFF: 100000 PERIODS
-----------------------------------------------------------------------------------
            acled |      Coef.   Std. Err.      t    P>|t|     [95% Conf. Interval]
------------------+----------------------------------------------------------------
main_lprice_mines |   .0590706   .0193628     3.05   0.002     .0211198    .0970214
-----------------------------------------------------------------------------------
D:\Travail\Dropbox\mining_conflict
(est2 stored)

. /*column 3: mine open the entire period, with surrounding mines*/
. eststo: my_reg2hdfespatial acled  main_lprice_mines main_lprice_a                                       if sd_mines == 0  & sd_mines_a ==0  & $condition_around         , timevar(it) panelvar(cell) lat(latitude) lon(longitude) distcutoff(500) lagcut
> off(100000)
 
OLS REGRESSION
 
SE CORRECTED FOR CROSS-SECTIONAL SPATIAL DEPENDANCE
             AND PANEL-SPECIFIC SERIAL CORRELATION
 
DEPENDANT VARIABLE: acled
INDEPENDANT VARIABLES:  main_lprice_mines main_lprice_a
 
SPATIAL CORRELATION KERNAL CUTOFF: 500 KM
(NOTE: LINEAR BARTLETT WINDOW USED FOR SPATIAL KERNAL)
SERIAL CORRELATION KERNAL CUTOFF: 100000 PERIODS
-----------------------------------------------------------------------------------
            acled |      Coef.   Std. Err.      t    P>|t|     [95% Conf. Interval]
------------------+----------------------------------------------------------------
main_lprice_mines |   .0600584   .0214257     2.80   0.005     .0180643    .1020525
    main_lprice_a |   .0207079   .0061915     3.34   0.001     .0085727     .032843
-----------------------------------------------------------------------------------
D:\Travail\Dropbox\mining_conflict
(est3 stored)

. /*column 4: mine at some point over the period (simply the price variable )*/
. eststo: my_reg2hdfespatial acled   main_lprice_hist0                                                                                                                                                                                    , timevar(it) pa
> nelvar(cell) lat(latitude) lon(longitude) distcutoff(500) lagcutoff(100000) 
 
OLS REGRESSION
 
SE CORRECTED FOR CROSS-SECTIONAL SPATIAL DEPENDANCE
             AND PANEL-SPECIFIC SERIAL CORRELATION
 
DEPENDANT VARIABLE: acled
INDEPENDANT VARIABLES:  main_lprice_hist0
 
SPATIAL CORRELATION KERNAL CUTOFF: 500 KM
(NOTE: LINEAR BARTLETT WINDOW USED FOR SPATIAL KERNAL)
SERIAL CORRELATION KERNAL CUTOFF: 100000 PERIODS
-----------------------------------------------------------------------------------
            acled |      Coef.   Std. Err.      t    P>|t|     [95% Conf. Interval]
------------------+----------------------------------------------------------------
main_lprice_hist0 |   .0387739   .0133577     2.90   0.004     .0125931    .0649548
-----------------------------------------------------------------------------------
D:\Travail\Dropbox\mining_conflict
(est4 stored)

. /*column 5: year dummies only */
. eststo: my_reg2hdfespatial acled  main_lprice_mines                                                             if sd_mines == 0                                                                                        , timevar(year) panelvar(cell) l
> at(latitude) lon(longitude) distcutoff(500) lagcutoff(100000) 
 
OLS REGRESSION
 
SE CORRECTED FOR CROSS-SECTIONAL SPATIAL DEPENDANCE
             AND PANEL-SPECIFIC SERIAL CORRELATION
 
DEPENDANT VARIABLE: acled
INDEPENDANT VARIABLES:  main_lprice_mines
 
SPATIAL CORRELATION KERNAL CUTOFF: 500 KM
(NOTE: LINEAR BARTLETT WINDOW USED FOR SPATIAL KERNAL)
SERIAL CORRELATION KERNAL CUTOFF: 100000 PERIODS
-----------------------------------------------------------------------------------
            acled |      Coef.   Std. Err.      t    P>|t|     [95% Conf. Interval]
------------------+----------------------------------------------------------------
main_lprice_mines |   .0692087   .0231826     2.99   0.003     .0237711    .1146462
-----------------------------------------------------------------------------------
D:\Travail\Dropbox\mining_conflict
(est5 stored)

. 
. preserve

. /*column 6: neighbour-pair FE */
. use "$Output_data\BCRT_neighbour", clear

. eststo: my_reg2hdfespatial acled   mines main_lprice main_lprice_mines m_lprice_mines if sd_mines == 0                                                                          , timevar(year) panelvar(couple) lat(latitude) lon(longitude) distcutoff
> (500) lagcutoff(100000) 
 
OLS REGRESSION
 
SE CORRECTED FOR CROSS-SECTIONAL SPATIAL DEPENDANCE
             AND PANEL-SPECIFIC SERIAL CORRELATION
 
DEPENDANT VARIABLE: acled
INDEPENDANT VARIABLES:  mines main_lprice main_lprice_mines m_lprice_mines
 
SPATIAL CORRELATION KERNAL CUTOFF: 500 KM
(NOTE: LINEAR BARTLETT WINDOW USED FOR SPATIAL KERNAL)
SERIAL CORRELATION KERNAL CUTOFF: 100000 PERIODS
-----------------------------------------------------------------------------------
            acled |      Coef.   Std. Err.      t    P>|t|     [95% Conf. Interval]
------------------+----------------------------------------------------------------
            mines |   .0480404    .064653     0.74   0.457    -.0786859    .1747667
      main_lprice |   .0283775   .0187245     1.52   0.130    -.0083243    .0650793
main_lprice_mines |   .1082769   .0412042     2.63   0.009     .0275126    .1890412
   m_lprice_mines |  -.1081159   .0417161    -2.59   0.010    -.1898836   -.0263482
-----------------------------------------------------------------------------------
D:\Travail\Dropbox\mining_conflict
(est6 stored)

. 
. restore

. 
. set linesize 250

. esttab, mtitles drop(m_lprice_mines) b(%5.3f) se(%5.3f) compress r2 starlevels(c 0.1 b 0.05 a 0.01)  se 

----------------------------------------------------------------------------
                 (1)        (2)        (3)        (4)        (5)        (6) 
                est1       est2       est3       est4       est5       est6 
----------------------------------------------------------------------------
mines          0.043                                                  0.048 
             (0.046)                                                (0.065) 

main_lpr~e    -0.025                                                  0.028 
             (0.032)                                                (0.019) 

main_lpr~s     0.072b     0.059a     0.060a                0.069a     0.108a
             (0.035)    (0.019)    (0.021)               (0.023)    (0.041) 

main_lpr~a                           0.021a                                 
                                   (0.006)                                  

main_lpr~0                                      0.039a                      
                                              (0.013)                       
----------------------------------------------------------------------------
N             144356     142674     127974     144452     142674      17360 
R-sq           0.000      0.000      0.000      0.000      0.000      0.005 
----------------------------------------------------------------------------
Standard errors in parentheses
c p<0.1, b p<0.05, a p<0.01

. esttab, mtitles drop(m_lprice_mines) b(%5.3f) se(%5.3f) r2  starlevels({$^c$} 0.1 {$^b$} 0.05 {$^a$} 0.01) se tex label  title() 

{
\def\sym#1{\ifmmode^{#1}\else\(^{#1}\)\fi}
\begin{tabular}{l*{6}{c}}
\hline\hline
                    &\multicolumn{1}{c}{(1)}&\multicolumn{1}{c}{(2)}&\multicolumn{1}{c}{(3)}&\multicolumn{1}{c}{(4)}&\multicolumn{1}{c}{(5)}&\multicolumn{1}{c}{(6)}\\
                    &\multicolumn{1}{c}{est1}&\multicolumn{1}{c}{est2}&\multicolumn{1}{c}{est3}&\multicolumn{1}{c}{est4}&\multicolumn{1}{c}{est5}&\multicolumn{1}{c}{est6}\\
\hline
mine $>0$           &       0.043      &                  &                  &                  &                  &       0.048      \\
                    &     (0.046)      &                  &                  &                  &                  &     (0.065)      \\
[1em]
$\ln$ price main mineral&      -0.025      &                  &                  &                  &                  &       0.028      \\
                    &     (0.032)      &                  &                  &                  &                  &     (0.019)      \\
[1em]
$\ln$ price $\times$ mines $>0$&       0.072{$^b$}&       0.059{$^a$}&       0.060{$^a$}&                  &       0.069{$^a$}&       0.108{$^a$}\\
                    &     (0.035)      &     (0.019)      &     (0.021)      &                  &     (0.023)      &     (0.041)      \\
[1em]
$\ln$ price $\times$ mines $>0$ (neighbouring cells)&                  &                  &       0.021{$^a$}&                  &                  &                  \\
                    &                  &                  &     (0.006)      &                  &                  &                  \\
[1em]
$\ln$ price $\times$ mines $>0$ (ever)&                  &                  &                  &       0.039{$^a$}&                  &                  \\
                    &                  &                  &                  &     (0.013)      &                  &                  \\
\hline
Observations        &      144356      &      142674      &      127974      &      144452      &      142674      &       17360      \\
\(R^{2}\)           &       0.000      &       0.000      &       0.000      &       0.000      &       0.000      &       0.005      \\
\hline\hline
\multicolumn{7}{l}{\footnotesize Standard errors in parentheses}\\
\multicolumn{7}{l}{\footnotesize {$^c$} p<0.1, {$^b$} p<0.05, {$^a$} p<0.01}\\
\end{tabular}
}

. eststo clear

. 
. log close
      name:  <unnamed>
       log:  D:\Travail\Dropbox\mining_conflict\Data_Code_BCRT_AER\results\Table_A12.log
  log type:  text
 closed on:  14 Dec 2016, 11:44:34
----------------------------------------------------------------------------------------------------------------------------------------------------------------------------------------------------------------------------------------------------------
